// Jest Snapshot v1, https://goo.gl/fbAQLP

exports[`HelloWorld.vue Renders message 1`] = `
<div class="hello">
  <h1>Hello, world</h1>
</div>
`;
